2024-03-26 03:47:32,082 - INFO - ==================================STARTING EXTRACT DATA=======================================
2024-03-26 03:47:32,082 - ERROR - EXTRACT 'public.category' - FAILED.
2024-03-26 03:47:32,082 - INFO - Extract All Tables From Sources - FAILED
2024-03-26 03:47:32,085 - ERROR - [pid 106028] Worker Worker(salt=6167740246, workers=1, host=DESKTOP-V42S030, username=laode, pid=106028) failed    Extract()
Traceback (most recent call last):
  File "/home/laode/pacmann/project/orchestrate-elt-with-luigi/pipeline/extract.py", line 53, in run
    df = pd.read_sql_query(extract_query.format(table_name = table_name), src_engine)
AttributeError: 'NoneType' object has no attribute 'format'

During handling of the above exception, another exception occurred:

Traceback (most recent call last):
  File "/home/laode/pacmann/project/orchestrate-elt-with-luigi/pipeline/extract.py", line 62, in run
    raise Exception(f"Failed to extract '{table_name}' tables")
Exception: Failed to extract 'public.category' tables

During handling of the above exception, another exception occurred:

Traceback (most recent call last):
  File "/home/laode/pacmann/project/orchestrate-elt-with-luigi/.venv/lib/python3.10/site-packages/luigi/worker.py", line 210, in run
    new_deps = self._run_get_new_deps()
  File "/home/laode/pacmann/project/orchestrate-elt-with-luigi/.venv/lib/python3.10/site-packages/luigi/worker.py", line 138, in _run_get_new_deps
    task_gen = self.task.run()
  File "/home/laode/pacmann/project/orchestrate-elt-with-luigi/pipeline/extract.py", line 101, in run
    raise Exception(f"FAILED to execute EXTRACT TASK !!!")
Exception: FAILED to execute EXTRACT TASK !!!
2024-03-26 03:47:32,088 - DEBUG - 1 running tasks, waiting for next task to finish
2024-03-26 03:47:32,095 - INFO - Informed scheduler that task   Extract__99914b932b   has status   FAILED
2024-03-26 03:47:32,096 - DEBUG - Asking scheduler for work...
2024-03-26 03:47:32,098 - DEBUG - Done
2024-03-26 03:47:32,098 - DEBUG - There are no more tasks to run at this time
2024-03-26 03:47:32,098 - DEBUG - There are 3 pending tasks possibly being run by other workers
2024-03-26 03:47:32,098 - DEBUG - There are 3 pending tasks last scheduled by this worker
2024-03-26 03:47:32,099 - INFO - Worker Worker(salt=6167740246, workers=1, host=DESKTOP-V42S030, username=laode, pid=106028) was stopped. Shutting down Keep-Alive thread
2024-03-26 03:47:32,100 - INFO - 
===== Luigi Execution Summary =====

Scheduled 3 tasks of which:
* 1 failed:
    - 1 Extract()
* 2 were left pending, among these:
    * 2 had failed dependencies:
        - 1 Load()
        - 1 Transform()

This progress looks :( because there were failed tasks

===== Luigi Execution Summary =====

2024-03-26 03:47:55,677 - INFO - ==================================STARTING EXTRACT DATA=======================================
2024-03-26 03:47:55,677 - ERROR - EXTRACT 'public.category' - FAILED.
2024-03-26 03:47:55,677 - INFO - Extract All Tables From Sources - FAILED
2024-03-26 03:47:55,680 - ERROR - [pid 106340] Worker Worker(salt=5529571134, workers=1, host=DESKTOP-V42S030, username=laode, pid=106340) failed    Extract()
Traceback (most recent call last):
  File "/home/laode/pacmann/project/orchestrate-elt-with-luigi/pipeline/extract.py", line 53, in run
    df = pd.read_sql_query(extract_query.format(table_name = table_name), src_engine)
AttributeError: 'NoneType' object has no attribute 'format'

During handling of the above exception, another exception occurred:

Traceback (most recent call last):
  File "/home/laode/pacmann/project/orchestrate-elt-with-luigi/pipeline/extract.py", line 62, in run
    raise Exception(f"Failed to extract '{table_name}' tables")
Exception: Failed to extract 'public.category' tables

During handling of the above exception, another exception occurred:

Traceback (most recent call last):
  File "/home/laode/pacmann/project/orchestrate-elt-with-luigi/.venv/lib/python3.10/site-packages/luigi/worker.py", line 210, in run
    new_deps = self._run_get_new_deps()
  File "/home/laode/pacmann/project/orchestrate-elt-with-luigi/.venv/lib/python3.10/site-packages/luigi/worker.py", line 138, in _run_get_new_deps
    task_gen = self.task.run()
  File "/home/laode/pacmann/project/orchestrate-elt-with-luigi/pipeline/extract.py", line 101, in run
    raise Exception(f"FAILED to execute EXTRACT TASK !!!")
Exception: FAILED to execute EXTRACT TASK !!!
2024-03-26 03:47:55,683 - DEBUG - 1 running tasks, waiting for next task to finish
2024-03-26 03:47:55,689 - INFO - Informed scheduler that task   Extract__99914b932b   has status   FAILED
2024-03-26 03:47:55,689 - DEBUG - Asking scheduler for work...
2024-03-26 03:47:55,692 - DEBUG - Done
2024-03-26 03:47:55,692 - DEBUG - There are no more tasks to run at this time
2024-03-26 03:47:55,693 - DEBUG - There are 3 pending tasks possibly being run by other workers
2024-03-26 03:47:55,693 - DEBUG - There are 3 pending tasks last scheduled by this worker
2024-03-26 03:47:55,693 - INFO - Worker Worker(salt=5529571134, workers=1, host=DESKTOP-V42S030, username=laode, pid=106340) was stopped. Shutting down Keep-Alive thread
2024-03-26 03:47:55,695 - INFO - 
===== Luigi Execution Summary =====

Scheduled 3 tasks of which:
* 1 failed:
    - 1 Extract()
* 2 were left pending, among these:
    * 2 had failed dependencies:
        - 1 Load()
        - 1 Transform()

This progress looks :( because there were failed tasks

===== Luigi Execution Summary =====

2024-03-26 03:51:41,538 - INFO - ==================================STARTING EXTRACT DATA=======================================
2024-03-26 03:51:41,538 - ERROR - EXTRACT 'public.category' - FAILED.
2024-03-26 03:51:41,538 - INFO - Extract All Tables From Sources - FAILED
2024-03-26 03:51:41,543 - ERROR - [pid 108697] Worker Worker(salt=6568531296, workers=1, host=DESKTOP-V42S030, username=laode, pid=108697) failed    Extract()
Traceback (most recent call last):
  File "/home/laode/pacmann/project/orchestrate-elt-with-luigi/pipeline/extract.py", line 53, in run
    df = pd.read_sql_query(extract_query.format(table_name = table_name), src_engine)
AttributeError: 'NoneType' object has no attribute 'format'

During handling of the above exception, another exception occurred:

Traceback (most recent call last):
  File "/home/laode/pacmann/project/orchestrate-elt-with-luigi/pipeline/extract.py", line 62, in run
    raise Exception(f"Failed to extract '{table_name}' tables")
Exception: Failed to extract 'public.category' tables

During handling of the above exception, another exception occurred:

Traceback (most recent call last):
  File "/home/laode/pacmann/project/orchestrate-elt-with-luigi/.venv/lib/python3.10/site-packages/luigi/worker.py", line 210, in run
    new_deps = self._run_get_new_deps()
  File "/home/laode/pacmann/project/orchestrate-elt-with-luigi/.venv/lib/python3.10/site-packages/luigi/worker.py", line 138, in _run_get_new_deps
    task_gen = self.task.run()
  File "/home/laode/pacmann/project/orchestrate-elt-with-luigi/pipeline/extract.py", line 101, in run
    raise Exception(f"FAILED to execute EXTRACT TASK !!!")
Exception: FAILED to execute EXTRACT TASK !!!
2024-03-26 03:51:41,547 - DEBUG - 1 running tasks, waiting for next task to finish
2024-03-26 03:51:41,553 - INFO - Informed scheduler that task   Extract__99914b932b   has status   FAILED
2024-03-26 03:51:41,553 - DEBUG - Asking scheduler for work...
2024-03-26 03:51:41,556 - DEBUG - Done
2024-03-26 03:51:41,556 - DEBUG - There are no more tasks to run at this time
2024-03-26 03:51:41,556 - DEBUG - There are 3 pending tasks possibly being run by other workers
2024-03-26 03:51:41,556 - DEBUG - There are 3 pending tasks unique to this worker
2024-03-26 03:51:41,557 - DEBUG - There are 3 pending tasks last scheduled by this worker
2024-03-26 03:51:41,557 - INFO - Worker Worker(salt=6568531296, workers=1, host=DESKTOP-V42S030, username=laode, pid=108697) was stopped. Shutting down Keep-Alive thread
2024-03-26 03:51:41,558 - INFO - 
===== Luigi Execution Summary =====

Scheduled 3 tasks of which:
* 1 failed:
    - 1 Extract()
* 2 were left pending, among these:
    * 2 had failed dependencies:
        - 1 Load()
        - 1 Transform()

This progress looks :( because there were failed tasks

===== Luigi Execution Summary =====

2024-03-26 03:55:34,404 - INFO - ==================================STARTING EXTRACT DATA=======================================
2024-03-26 03:55:34,404 - ERROR - EXTRACT 'public.category' - FAILED.
2024-03-26 03:55:34,404 - INFO - Extract All Tables From Sources - FAILED
2024-03-26 03:55:34,410 - ERROR - [pid 111098] Worker Worker(salt=5740113305, workers=1, host=DESKTOP-V42S030, username=laode, pid=111098) failed    Extract()
Traceback (most recent call last):
  File "/home/laode/pacmann/project/orchestrate-elt-with-luigi/pipeline/extract.py", line 51, in run
    df = pd.read_sql_query(extract_query.format(table_name = table_name), src_engine)
AttributeError: 'NoneType' object has no attribute 'format'

During handling of the above exception, another exception occurred:

Traceback (most recent call last):
  File "/home/laode/pacmann/project/orchestrate-elt-with-luigi/pipeline/extract.py", line 60, in run
    raise Exception(f"Failed to extract '{table_name}' tables")
Exception: Failed to extract 'public.category' tables

During handling of the above exception, another exception occurred:

Traceback (most recent call last):
  File "/home/laode/pacmann/project/orchestrate-elt-with-luigi/.venv/lib/python3.10/site-packages/luigi/worker.py", line 210, in run
    new_deps = self._run_get_new_deps()
  File "/home/laode/pacmann/project/orchestrate-elt-with-luigi/.venv/lib/python3.10/site-packages/luigi/worker.py", line 138, in _run_get_new_deps
    task_gen = self.task.run()
  File "/home/laode/pacmann/project/orchestrate-elt-with-luigi/pipeline/extract.py", line 99, in run
    raise Exception(f"FAILED to execute EXTRACT TASK !!!")
Exception: FAILED to execute EXTRACT TASK !!!
2024-03-26 03:55:34,412 - DEBUG - 1 running tasks, waiting for next task to finish
2024-03-26 03:55:34,417 - INFO - Informed scheduler that task   Extract__99914b932b   has status   FAILED
2024-03-26 03:55:34,418 - DEBUG - Asking scheduler for work...
2024-03-26 03:55:34,421 - DEBUG - Done
2024-03-26 03:55:34,421 - DEBUG - There are no more tasks to run at this time
2024-03-26 03:55:34,421 - DEBUG - There are 1 pending tasks possibly being run by other workers
2024-03-26 03:55:34,421 - DEBUG - There are 1 pending tasks unique to this worker
2024-03-26 03:55:34,422 - DEBUG - There are 1 pending tasks last scheduled by this worker
2024-03-26 03:55:34,422 - INFO - Worker Worker(salt=5740113305, workers=1, host=DESKTOP-V42S030, username=laode, pid=111098) was stopped. Shutting down Keep-Alive thread
2024-03-26 03:55:34,423 - INFO - 
===== Luigi Execution Summary =====

Scheduled 1 tasks of which:
* 1 failed:
    - 1 Extract()

This progress looks :( because there were failed tasks

===== Luigi Execution Summary =====

2024-03-26 03:56:49,244 - INFO - ==================================STARTING EXTRACT DATA=======================================
2024-03-26 03:56:49,244 - ERROR - EXTRACT 'public.category' - FAILED.
2024-03-26 03:56:49,244 - INFO - Extract All Tables From Sources - FAILED
2024-03-26 03:56:49,248 - ERROR - [pid 111932] Worker Worker(salt=4057393032, workers=1, host=DESKTOP-V42S030, username=laode, pid=111932) failed    Extract()
Traceback (most recent call last):
  File "/home/laode/pacmann/project/orchestrate-elt-with-luigi/pipeline/extract.py", line 51, in run
    df = pd.read_sql_query(extract_query.format(table_name = table_name), src_engine)
AttributeError: 'NoneType' object has no attribute 'format'

During handling of the above exception, another exception occurred:

Traceback (most recent call last):
  File "/home/laode/pacmann/project/orchestrate-elt-with-luigi/pipeline/extract.py", line 60, in run
    raise Exception(f"Failed to extract '{table_name}' tables")
Exception: Failed to extract 'public.category' tables

During handling of the above exception, another exception occurred:

Traceback (most recent call last):
  File "/home/laode/pacmann/project/orchestrate-elt-with-luigi/.venv/lib/python3.10/site-packages/luigi/worker.py", line 210, in run
    new_deps = self._run_get_new_deps()
  File "/home/laode/pacmann/project/orchestrate-elt-with-luigi/.venv/lib/python3.10/site-packages/luigi/worker.py", line 138, in _run_get_new_deps
    task_gen = self.task.run()
  File "/home/laode/pacmann/project/orchestrate-elt-with-luigi/pipeline/extract.py", line 99, in run
    raise Exception(f"FAILED to execute EXTRACT TASK !!!")
Exception: FAILED to execute EXTRACT TASK !!!
2024-03-26 03:56:49,251 - DEBUG - 1 running tasks, waiting for next task to finish
2024-03-26 03:56:49,256 - INFO - Informed scheduler that task   Extract__99914b932b   has status   FAILED
2024-03-26 03:56:49,256 - DEBUG - Asking scheduler for work...
2024-03-26 03:56:49,260 - DEBUG - Done
2024-03-26 03:56:49,260 - DEBUG - There are no more tasks to run at this time
2024-03-26 03:56:49,260 - DEBUG - There are 1 pending tasks possibly being run by other workers
2024-03-26 03:56:49,260 - DEBUG - There are 1 pending tasks last scheduled by this worker
2024-03-26 03:56:49,261 - INFO - Worker Worker(salt=4057393032, workers=1, host=DESKTOP-V42S030, username=laode, pid=111932) was stopped. Shutting down Keep-Alive thread
2024-03-26 03:56:49,262 - INFO - 
===== Luigi Execution Summary =====

Scheduled 1 tasks of which:
* 1 failed:
    - 1 Extract()

This progress looks :( because there were failed tasks

===== Luigi Execution Summary =====

2024-03-26 03:58:02,617 - INFO - ==================================STARTING EXTRACT DATA=======================================
2024-03-26 03:58:02,669 - INFO - EXTRACT 'public.category' - SUCCESS.
2024-03-26 03:58:02,700 - INFO - EXTRACT 'public.subcategory' - SUCCESS.
2024-03-26 03:58:02,715 - INFO - EXTRACT 'public.customer' - SUCCESS.
2024-03-26 03:58:02,727 - INFO - EXTRACT 'public.orders' - SUCCESS.
2024-03-26 03:58:02,744 - INFO - EXTRACT 'public.product' - SUCCESS.
2024-03-26 03:58:02,779 - INFO - EXTRACT 'public.order_detail' - SUCCESS.
2024-03-26 03:58:02,779 - INFO - Extract All Tables From Sources - SUCCESS
2024-03-26 03:58:02,781 - INFO - ==================================ENDING EXTRACT DATA=======================================
2024-03-26 03:58:02,781 - INFO - [pid 112743] Worker Worker(salt=9431436250, workers=1, host=DESKTOP-V42S030, username=laode, pid=112743) done      Extract()
2024-03-26 03:58:02,782 - DEBUG - 1 running tasks, waiting for next task to finish
2024-03-26 03:58:02,786 - INFO - Informed scheduler that task   Extract__99914b932b   has status   DONE
2024-03-26 03:58:02,787 - DEBUG - Asking scheduler for work...
2024-03-26 03:58:02,790 - DEBUG - Done
2024-03-26 03:58:02,791 - DEBUG - There are no more tasks to run at this time
2024-03-26 03:58:02,791 - INFO - Worker Worker(salt=9431436250, workers=1, host=DESKTOP-V42S030, username=laode, pid=112743) was stopped. Shutting down Keep-Alive thread
2024-03-26 03:58:02,793 - INFO - 
===== Luigi Execution Summary =====

Scheduled 1 tasks of which:
* 1 ran successfully:
    - 1 Extract()

This progress looks :) because there were no failed tasks or missing dependencies

===== Luigi Execution Summary =====

2024-03-26 03:58:50,234 - INFO - ==================================STARTING EXTRACT DATA=======================================
2024-03-26 03:58:50,234 - ERROR - EXTRACT 'public.category' - FAILED.
2024-03-26 03:58:50,234 - INFO - Extract All Tables From Sources - FAILED
2024-03-26 03:58:50,237 - ERROR - [pid 113742] Worker Worker(salt=7048836874, workers=1, host=DESKTOP-V42S030, username=laode, pid=113742) failed    Extract()
Traceback (most recent call last):
  File "/home/laode/pacmann/project/orchestrate-elt-with-luigi/pipeline/extract.py", line 51, in run
    df = pd.read_sql_query(extract_query.format(table_name = table_name), src_engine)
AttributeError: 'NoneType' object has no attribute 'format'

During handling of the above exception, another exception occurred:

Traceback (most recent call last):
  File "/home/laode/pacmann/project/orchestrate-elt-with-luigi/pipeline/extract.py", line 60, in run
    raise Exception(f"Failed to extract '{table_name}' tables")
Exception: Failed to extract 'public.category' tables

During handling of the above exception, another exception occurred:

Traceback (most recent call last):
  File "/home/laode/pacmann/project/orchestrate-elt-with-luigi/.venv/lib/python3.10/site-packages/luigi/worker.py", line 210, in run
    new_deps = self._run_get_new_deps()
  File "/home/laode/pacmann/project/orchestrate-elt-with-luigi/.venv/lib/python3.10/site-packages/luigi/worker.py", line 138, in _run_get_new_deps
    task_gen = self.task.run()
  File "/home/laode/pacmann/project/orchestrate-elt-with-luigi/pipeline/extract.py", line 99, in run
    raise Exception(f"FAILED to execute EXTRACT TASK !!!")
Exception: FAILED to execute EXTRACT TASK !!!
2024-03-26 03:58:50,239 - DEBUG - 1 running tasks, waiting for next task to finish
2024-03-26 03:58:50,245 - INFO - Informed scheduler that task   Extract__99914b932b   has status   FAILED
2024-03-26 03:58:50,245 - DEBUG - Asking scheduler for work...
2024-03-26 03:58:50,248 - DEBUG - Done
2024-03-26 03:58:50,248 - DEBUG - There are no more tasks to run at this time
2024-03-26 03:58:50,248 - DEBUG - There are 1 pending tasks possibly being run by other workers
2024-03-26 03:58:50,248 - DEBUG - There are 1 pending tasks last scheduled by this worker
2024-03-26 03:58:50,248 - INFO - Worker Worker(salt=7048836874, workers=1, host=DESKTOP-V42S030, username=laode, pid=113742) was stopped. Shutting down Keep-Alive thread
2024-03-26 03:58:50,249 - INFO - 
===== Luigi Execution Summary =====

Scheduled 1 tasks of which:
* 1 failed:
    - 1 Extract()

This progress looks :( because there were failed tasks

===== Luigi Execution Summary =====

2024-03-26 04:00:37,352 - INFO - ==================================STARTING EXTRACT DATA=======================================
2024-03-26 04:00:37,378 - INFO - EXTRACT 'public.category' - SUCCESS.
2024-03-26 04:00:37,410 - INFO - EXTRACT 'public.subcategory' - SUCCESS.
2024-03-26 04:00:37,425 - INFO - EXTRACT 'public.customer' - SUCCESS.
2024-03-26 04:00:37,438 - INFO - EXTRACT 'public.orders' - SUCCESS.
2024-03-26 04:00:37,459 - INFO - EXTRACT 'public.product' - SUCCESS.
2024-03-26 04:00:37,497 - INFO - EXTRACT 'public.order_detail' - SUCCESS.
2024-03-26 04:00:37,497 - INFO - Extract All Tables From Sources - SUCCESS
2024-03-26 04:00:37,499 - INFO - ==================================ENDING EXTRACT DATA=======================================
2024-03-26 04:00:37,499 - INFO - [pid 116757] Worker Worker(salt=7011993225, workers=1, host=DESKTOP-V42S030, username=laode, pid=116757) done      Extract()
2024-03-26 04:00:37,500 - DEBUG - 1 running tasks, waiting for next task to finish
2024-03-26 04:00:37,503 - INFO - Informed scheduler that task   Extract__99914b932b   has status   DONE
2024-03-26 04:00:37,503 - DEBUG - Asking scheduler for work...
2024-03-26 04:00:37,507 - DEBUG - Done
2024-03-26 04:00:37,507 - DEBUG - There are no more tasks to run at this time
2024-03-26 04:00:37,507 - INFO - Worker Worker(salt=7011993225, workers=1, host=DESKTOP-V42S030, username=laode, pid=116757) was stopped. Shutting down Keep-Alive thread
2024-03-26 04:00:37,508 - INFO - 
===== Luigi Execution Summary =====

Scheduled 1 tasks of which:
* 1 ran successfully:
    - 1 Extract()

This progress looks :) because there were no failed tasks or missing dependencies

===== Luigi Execution Summary =====

2024-03-26 04:01:24,005 - INFO - ==================================STARTING EXTRACT DATA=======================================
2024-03-26 04:01:24,028 - INFO - EXTRACT 'public.category' - SUCCESS.
2024-03-26 04:01:24,037 - INFO - EXTRACT 'public.subcategory' - SUCCESS.
2024-03-26 04:01:24,051 - INFO - EXTRACT 'public.customer' - SUCCESS.
2024-03-26 04:01:24,063 - INFO - EXTRACT 'public.orders' - SUCCESS.
2024-03-26 04:01:24,081 - INFO - EXTRACT 'public.product' - SUCCESS.
2024-03-26 04:01:24,112 - INFO - EXTRACT 'public.order_detail' - SUCCESS.
2024-03-26 04:01:24,112 - INFO - Extract All Tables From Sources - SUCCESS
2024-03-26 04:01:24,115 - INFO - ==================================ENDING EXTRACT DATA=======================================
2024-03-26 04:01:24,115 - INFO - [pid 117181] Worker Worker(salt=5528907033, workers=1, host=DESKTOP-V42S030, username=laode, pid=117181) done      Extract()
2024-03-26 04:01:24,116 - DEBUG - 1 running tasks, waiting for next task to finish
2024-03-26 04:01:24,119 - INFO - Informed scheduler that task   Extract__99914b932b   has status   DONE
2024-03-26 04:01:24,120 - DEBUG - Asking scheduler for work...
2024-03-26 04:01:24,122 - DEBUG - Pending tasks: 2
2024-03-26 04:01:24,122 - INFO - [pid 117181] Worker Worker(salt=5528907033, workers=1, host=DESKTOP-V42S030, username=laode, pid=117181) running   Load()
2024-03-26 04:01:24,126 - INFO - Read Load Query - SUCCESS
2024-03-26 04:01:24,158 - INFO - Read Extracted Data - SUCCESS
2024-03-26 04:01:24,159 - INFO - Connect to DWH - SUCCESS
2024-03-26 04:01:24,238 - INFO - Truncate public Schema in DWH - SUCCESS
2024-03-26 04:01:24,238 - INFO - ==================================STARTING LOAD DATA=======================================
2024-03-26 04:01:24,637 - INFO - LOAD All Tables To DWH-Bookings - SUCCESS
2024-03-26 04:01:24,783 - INFO - LOAD All Tables To DWH-Staging - SUCCESS
2024-03-26 04:01:24,784 - INFO - ==================================ENDING LOAD DATA=======================================
2024-03-26 04:01:24,785 - INFO - [pid 117181] Worker Worker(salt=5528907033, workers=1, host=DESKTOP-V42S030, username=laode, pid=117181) done      Load()
2024-03-26 04:01:24,786 - DEBUG - 1 running tasks, waiting for next task to finish
2024-03-26 04:01:24,789 - INFO - Informed scheduler that task   Load__99914b932b   has status   DONE
2024-03-26 04:01:24,790 - DEBUG - Asking scheduler for work...
2024-03-26 04:01:24,794 - DEBUG - Pending tasks: 1
2024-03-26 04:01:24,794 - INFO - [pid 117181] Worker Worker(salt=5528907033, workers=1, host=DESKTOP-V42S030, username=laode, pid=117181) running   Transform()
2024-03-26 04:01:24,795 - INFO - Connect to DWH - SUCCESS
2024-03-26 04:01:24,797 - INFO - Read Transform Query - SUCCESS
2024-03-26 04:01:24,797 - INFO - ==================================STARTING TRANSFROM DATA=======================================
2024-03-26 04:01:24,828 - INFO - Transform to 'final.dim_customer' - SUCCESS
2024-03-26 04:01:24,854 - INFO - Transform to 'final.dim_product' - SUCCESS
2024-03-26 04:01:24,858 - INFO - Truncate Fact Tables - SUCCESS
2024-03-26 04:01:24,862 - INFO - Transform to All Dimensions and Fact Tables - SUCCESS
2024-03-26 04:01:24,864 - INFO - ==================================ENDING TRANSFROM DATA=======================================
2024-03-26 04:01:24,864 - INFO - [pid 117181] Worker Worker(salt=5528907033, workers=1, host=DESKTOP-V42S030, username=laode, pid=117181) done      Transform()
2024-03-26 04:01:24,865 - DEBUG - 1 running tasks, waiting for next task to finish
2024-03-26 04:01:24,869 - INFO - Informed scheduler that task   Transform__99914b932b   has status   DONE
2024-03-26 04:01:24,870 - DEBUG - Asking scheduler for work...
2024-03-26 04:01:24,873 - DEBUG - Done
2024-03-26 04:01:24,873 - DEBUG - There are no more tasks to run at this time
2024-03-26 04:01:24,874 - INFO - Worker Worker(salt=5528907033, workers=1, host=DESKTOP-V42S030, username=laode, pid=117181) was stopped. Shutting down Keep-Alive thread
2024-03-26 04:01:24,875 - INFO - 
===== Luigi Execution Summary =====

Scheduled 3 tasks of which:
* 3 ran successfully:
    - 1 Extract()
    - 1 Load()
    - 1 Transform()

This progress looks :) because there were no failed tasks or missing dependencies

===== Luigi Execution Summary =====

2024-03-26 04:02:18,555 - INFO - ==================================STARTING EXTRACT DATA=======================================
2024-03-26 04:02:18,583 - INFO - EXTRACT 'public.category' - SUCCESS.
2024-03-26 04:02:18,590 - INFO - EXTRACT 'public.subcategory' - SUCCESS.
2024-03-26 04:02:18,607 - INFO - EXTRACT 'public.customer' - SUCCESS.
2024-03-26 04:02:18,623 - INFO - EXTRACT 'public.orders' - SUCCESS.
2024-03-26 04:02:18,641 - INFO - EXTRACT 'public.product' - SUCCESS.
2024-03-26 04:02:18,672 - INFO - EXTRACT 'public.order_detail' - SUCCESS.
2024-03-26 04:02:18,673 - INFO - Extract All Tables From Sources - SUCCESS
2024-03-26 04:02:18,674 - INFO - ==================================ENDING EXTRACT DATA=======================================
2024-03-26 04:02:18,674 - INFO - [pid 118313] Worker Worker(salt=7092261456, workers=1, host=DESKTOP-V42S030, username=laode, pid=118313) done      Extract()
2024-03-26 04:02:18,675 - DEBUG - 1 running tasks, waiting for next task to finish
2024-03-26 04:02:18,679 - INFO - Informed scheduler that task   Extract__99914b932b   has status   DONE
2024-03-26 04:02:18,679 - DEBUG - Asking scheduler for work...
2024-03-26 04:02:18,682 - DEBUG - Pending tasks: 2
2024-03-26 04:02:18,682 - INFO - [pid 118313] Worker Worker(salt=7092261456, workers=1, host=DESKTOP-V42S030, username=laode, pid=118313) running   Load()
2024-03-26 04:02:18,682 - INFO - Read Load Query - SUCCESS
2024-03-26 04:02:18,709 - INFO - Read Extracted Data - SUCCESS
2024-03-26 04:02:18,710 - INFO - Connect to DWH - SUCCESS
2024-03-26 04:02:18,785 - INFO - Truncate public Schema in DWH - SUCCESS
2024-03-26 04:02:18,785 - INFO - ==================================STARTING LOAD DATA=======================================
2024-03-26 04:02:19,112 - INFO - LOAD All Tables To DWH-Bookings - SUCCESS
2024-03-26 04:02:19,268 - INFO - LOAD All Tables To DWH-Staging - SUCCESS
2024-03-26 04:02:19,269 - INFO - ==================================ENDING LOAD DATA=======================================
2024-03-26 04:02:19,270 - INFO - [pid 118313] Worker Worker(salt=7092261456, workers=1, host=DESKTOP-V42S030, username=laode, pid=118313) done      Load()
2024-03-26 04:02:19,271 - DEBUG - 1 running tasks, waiting for next task to finish
2024-03-26 04:02:19,275 - INFO - Informed scheduler that task   Load__99914b932b   has status   DONE
2024-03-26 04:02:19,276 - DEBUG - Asking scheduler for work...
2024-03-26 04:02:19,279 - DEBUG - Pending tasks: 1
2024-03-26 04:02:19,279 - INFO - [pid 118313] Worker Worker(salt=7092261456, workers=1, host=DESKTOP-V42S030, username=laode, pid=118313) running   Transform()
2024-03-26 04:02:19,280 - INFO - Connect to DWH - SUCCESS
2024-03-26 04:02:19,281 - INFO - Read Transform Query - SUCCESS
2024-03-26 04:02:19,281 - INFO - ==================================STARTING TRANSFROM DATA=======================================
2024-03-26 04:02:19,304 - INFO - Transform to 'final.dim_customer' - SUCCESS
2024-03-26 04:02:19,325 - INFO - Transform to 'final.dim_product' - SUCCESS
2024-03-26 04:02:19,330 - INFO - Truncate Fact Tables - SUCCESS
2024-03-26 04:02:19,332 - INFO - Transform to All Dimensions and Fact Tables - SUCCESS
2024-03-26 04:02:19,334 - INFO - ==================================ENDING TRANSFROM DATA=======================================
2024-03-26 04:02:19,334 - INFO - [pid 118313] Worker Worker(salt=7092261456, workers=1, host=DESKTOP-V42S030, username=laode, pid=118313) done      Transform()
2024-03-26 04:02:19,334 - DEBUG - 1 running tasks, waiting for next task to finish
2024-03-26 04:02:19,338 - INFO - Informed scheduler that task   Transform__99914b932b   has status   DONE
2024-03-26 04:02:19,338 - DEBUG - Asking scheduler for work...
2024-03-26 04:02:19,342 - DEBUG - Done
2024-03-26 04:02:19,342 - DEBUG - There are no more tasks to run at this time
2024-03-26 04:02:19,342 - INFO - Worker Worker(salt=7092261456, workers=1, host=DESKTOP-V42S030, username=laode, pid=118313) was stopped. Shutting down Keep-Alive thread
2024-03-26 04:02:19,343 - INFO - 
===== Luigi Execution Summary =====

Scheduled 3 tasks of which:
* 3 ran successfully:
    - 1 Extract()
    - 1 Load()
    - 1 Transform()

This progress looks :) because there were no failed tasks or missing dependencies

===== Luigi Execution Summary =====

2024-03-26 04:21:41,170 - INFO - ==================================STARTING EXTRACT DATA=======================================
2024-03-26 04:21:41,193 - INFO - EXTRACT 'public.category' - SUCCESS.
2024-03-26 04:21:41,200 - INFO - EXTRACT 'public.subcategory' - SUCCESS.
2024-03-26 04:21:41,215 - INFO - EXTRACT 'public.customer' - SUCCESS.
2024-03-26 04:21:41,227 - INFO - EXTRACT 'public.orders' - SUCCESS.
2024-03-26 04:21:41,247 - INFO - EXTRACT 'public.product' - SUCCESS.
2024-03-26 04:21:41,287 - INFO - EXTRACT 'public.order_detail' - SUCCESS.
2024-03-26 04:21:41,288 - INFO - Extract All Tables From Sources - SUCCESS
2024-03-26 04:21:41,289 - INFO - ==================================ENDING EXTRACT DATA=======================================
2024-03-26 04:21:41,289 - INFO - [pid 126128] Worker Worker(salt=8920554358, workers=1, host=DESKTOP-V42S030, username=laode, pid=126128) done      Extract()
2024-03-26 04:21:41,290 - DEBUG - 1 running tasks, waiting for next task to finish
2024-03-26 04:21:41,294 - INFO - Informed scheduler that task   Extract__99914b932b   has status   DONE
2024-03-26 04:21:41,294 - DEBUG - Asking scheduler for work...
2024-03-26 04:21:41,297 - DEBUG - Pending tasks: 2
2024-03-26 04:21:41,297 - INFO - [pid 126128] Worker Worker(salt=8920554358, workers=1, host=DESKTOP-V42S030, username=laode, pid=126128) running   Load()
2024-03-26 04:21:41,298 - INFO - Read Load Query - SUCCESS
2024-03-26 04:21:41,329 - INFO - Read Extracted Data - SUCCESS
2024-03-26 04:21:41,331 - INFO - Connect to DWH - SUCCESS
2024-03-26 04:21:41,412 - INFO - Truncate public Schema in DWH - SUCCESS
2024-03-26 04:21:41,412 - INFO - ==================================STARTING LOAD DATA=======================================
2024-03-26 04:21:41,730 - INFO - LOAD All Tables To DWH-Bookings - SUCCESS
2024-03-26 04:21:41,835 - INFO - LOAD All Tables To DWH-Staging - SUCCESS
2024-03-26 04:21:41,836 - INFO - ==================================ENDING LOAD DATA=======================================
2024-03-26 04:21:41,837 - INFO - [pid 126128] Worker Worker(salt=8920554358, workers=1, host=DESKTOP-V42S030, username=laode, pid=126128) done      Load()
2024-03-26 04:21:41,837 - DEBUG - 1 running tasks, waiting for next task to finish
2024-03-26 04:21:41,841 - INFO - Informed scheduler that task   Load__99914b932b   has status   DONE
2024-03-26 04:21:41,841 - DEBUG - Asking scheduler for work...
2024-03-26 04:21:41,844 - DEBUG - Pending tasks: 1
2024-03-26 04:21:41,844 - INFO - [pid 126128] Worker Worker(salt=8920554358, workers=1, host=DESKTOP-V42S030, username=laode, pid=126128) running   Transform()
2024-03-26 04:21:41,845 - INFO - Connect to DWH - SUCCESS
2024-03-26 04:21:41,846 - INFO - Read Transform Query - SUCCESS
2024-03-26 04:21:41,846 - INFO - ==================================STARTING TRANSFROM DATA=======================================
2024-03-26 04:21:41,875 - INFO - Transform to 'final.dim_customer' - SUCCESS
2024-03-26 04:21:41,893 - INFO - Transform to 'final.dim_product' - SUCCESS
2024-03-26 04:21:41,896 - INFO - Truncate Fact Tables - SUCCESS
2024-03-26 04:21:42,007 - INFO - Transform to 'final.dim_product' - SUCCESS
2024-03-26 04:21:42,013 - INFO - Transform to All Dimensions and Fact Tables - SUCCESS
2024-03-26 04:21:42,014 - INFO - ==================================ENDING TRANSFROM DATA=======================================
2024-03-26 04:21:42,014 - INFO - [pid 126128] Worker Worker(salt=8920554358, workers=1, host=DESKTOP-V42S030, username=laode, pid=126128) done      Transform()
2024-03-26 04:21:42,015 - DEBUG - 1 running tasks, waiting for next task to finish
2024-03-26 04:21:42,018 - INFO - Informed scheduler that task   Transform__99914b932b   has status   DONE
2024-03-26 04:21:42,018 - DEBUG - Asking scheduler for work...
2024-03-26 04:21:42,021 - DEBUG - Done
2024-03-26 04:21:42,021 - DEBUG - There are no more tasks to run at this time
2024-03-26 04:21:42,022 - INFO - Worker Worker(salt=8920554358, workers=1, host=DESKTOP-V42S030, username=laode, pid=126128) was stopped. Shutting down Keep-Alive thread
2024-03-26 04:21:42,023 - INFO - 
===== Luigi Execution Summary =====

Scheduled 3 tasks of which:
* 3 ran successfully:
    - 1 Extract()
    - 1 Load()
    - 1 Transform()

This progress looks :) because there were no failed tasks or missing dependencies

===== Luigi Execution Summary =====

2024-03-26 04:27:46,443 - INFO - ==================================STARTING EXTRACT DATA=======================================
2024-03-26 04:27:46,468 - INFO - EXTRACT 'public.category' - SUCCESS.
2024-03-26 04:27:46,473 - INFO - EXTRACT 'public.subcategory' - SUCCESS.
2024-03-26 04:27:46,488 - INFO - EXTRACT 'public.customer' - SUCCESS.
2024-03-26 04:27:46,501 - INFO - EXTRACT 'public.orders' - SUCCESS.
2024-03-26 04:27:46,519 - INFO - EXTRACT 'public.product' - SUCCESS.
2024-03-26 04:27:46,553 - INFO - EXTRACT 'public.order_detail' - SUCCESS.
2024-03-26 04:27:46,553 - INFO - Extract All Tables From Sources - SUCCESS
2024-03-26 04:27:46,555 - INFO - ==================================ENDING EXTRACT DATA=======================================
2024-03-26 04:27:46,555 - INFO - [pid 130328] Worker Worker(salt=5452892128, workers=1, host=DESKTOP-V42S030, username=laode, pid=130328) done      Extract()
2024-03-26 04:27:46,556 - DEBUG - 1 running tasks, waiting for next task to finish
2024-03-26 04:27:46,559 - INFO - Informed scheduler that task   Extract__99914b932b   has status   DONE
2024-03-26 04:27:46,559 - DEBUG - Asking scheduler for work...
2024-03-26 04:27:46,562 - DEBUG - Pending tasks: 2
2024-03-26 04:27:46,562 - INFO - [pid 130328] Worker Worker(salt=5452892128, workers=1, host=DESKTOP-V42S030, username=laode, pid=130328) running   Load()
2024-03-26 04:27:46,563 - INFO - Read Load Query - SUCCESS
2024-03-26 04:27:46,588 - INFO - Read Extracted Data - SUCCESS
2024-03-26 04:27:46,589 - INFO - Connect to DWH - SUCCESS
2024-03-26 04:27:46,690 - INFO - Truncate public Schema in DWH - SUCCESS
2024-03-26 04:27:46,691 - INFO - ==================================STARTING LOAD DATA=======================================
2024-03-26 04:27:47,020 - INFO - LOAD All Tables To DWH-Bookings - SUCCESS
2024-03-26 04:27:47,167 - INFO - LOAD All Tables To DWH-Staging - SUCCESS
2024-03-26 04:27:47,168 - INFO - ==================================ENDING LOAD DATA=======================================
2024-03-26 04:27:47,169 - INFO - [pid 130328] Worker Worker(salt=5452892128, workers=1, host=DESKTOP-V42S030, username=laode, pid=130328) done      Load()
2024-03-26 04:27:47,169 - DEBUG - 1 running tasks, waiting for next task to finish
2024-03-26 04:27:47,173 - INFO - Informed scheduler that task   Load__99914b932b   has status   DONE
2024-03-26 04:27:47,173 - DEBUG - Asking scheduler for work...
2024-03-26 04:27:47,178 - DEBUG - Pending tasks: 1
2024-03-26 04:27:47,178 - INFO - [pid 130328] Worker Worker(salt=5452892128, workers=1, host=DESKTOP-V42S030, username=laode, pid=130328) running   Transform()
2024-03-26 04:27:47,179 - INFO - Connect to DWH - SUCCESS
2024-03-26 04:27:47,180 - INFO - Read Transform Query - SUCCESS
2024-03-26 04:27:47,180 - INFO - ==================================STARTING TRANSFROM DATA=======================================
2024-03-26 04:27:47,201 - INFO - Transform to 'final.dim_customer' - SUCCESS
2024-03-26 04:27:47,214 - INFO - Transform to 'final.dim_product' - SUCCESS
2024-03-26 04:27:47,218 - INFO - Truncate Fact Tables - SUCCESS
2024-03-26 04:27:47,318 - INFO - Transform to 'final.dim_product' - SUCCESS
2024-03-26 04:27:47,321 - INFO - Transform to All Dimensions and Fact Tables - SUCCESS
2024-03-26 04:27:47,323 - INFO - ==================================ENDING TRANSFROM DATA=======================================
2024-03-26 04:27:47,323 - INFO - [pid 130328] Worker Worker(salt=5452892128, workers=1, host=DESKTOP-V42S030, username=laode, pid=130328) done      Transform()
2024-03-26 04:27:47,324 - DEBUG - 1 running tasks, waiting for next task to finish
2024-03-26 04:27:47,327 - INFO - Informed scheduler that task   Transform__99914b932b   has status   DONE
2024-03-26 04:27:47,327 - DEBUG - Asking scheduler for work...
2024-03-26 04:27:47,331 - DEBUG - Done
2024-03-26 04:27:47,331 - DEBUG - There are no more tasks to run at this time
2024-03-26 04:27:47,331 - INFO - Worker Worker(salt=5452892128, workers=1, host=DESKTOP-V42S030, username=laode, pid=130328) was stopped. Shutting down Keep-Alive thread
2024-03-26 04:27:47,333 - INFO - 
===== Luigi Execution Summary =====

Scheduled 3 tasks of which:
* 3 ran successfully:
    - 1 Extract()
    - 1 Load()
    - 1 Transform()

This progress looks :) because there were no failed tasks or missing dependencies

===== Luigi Execution Summary =====

